26/04/17 21:40:23:INFO:*************test_title_verification***************
26/04/17 21:40:37:INFO:***************test_valid_admin_login******************
26/04/17 21:40:48:INFO:***************ttest_invalid_admin_login******************
26/04/17 21:41:52:INFO:*************test_title_verification***************
26/04/17 21:42:04:INFO:***************test_valid_admin_login******************
26/04/17 21:42:17:INFO:***************ttest_invalid_admin_login******************
26/04/17 21:43:47:INFO:*************test_title_verification***************
26/04/17 21:44:03:INFO:***************test_valid_admin_login******************
26/04/17 21:44:19:INFO:***************ttest_invalid_admin_login******************
26/04/17 21:46:03:INFO:*************test_title_verification***************
26/04/17 21:46:23:INFO:***************test_valid_admin_login******************
26/04/17 21:46:38:INFO:***************ttest_invalid_admin_login******************
26/04/17 21:55:30:INFO:*************test_title_verification***************
26/04/17 21:55:40:INFO:***************test_valid_admin_login******************
26/04/17 21:55:53:INFO:***************ttest_invalid_admin_login******************
26/04/17 21:58:31:INFO:*************test_title_verification***************
26/04/17 21:58:49:INFO:***************test_valid_admin_login******************
26/04/17 21:59:01:INFO:***************ttest_invalid_admin_login******************
26/04/17 22:03:10:INFO:*************test_title_verification***************
26/04/17 22:03:21:INFO:***************test_valid_admin_login******************
26/04/17 22:03:32:INFO:***************ttest_invalid_admin_login******************
26/04/17 22:06:25:INFO:*************test_title_verification***************
26/04/17 22:06:41:INFO:***************test_valid_admin_login******************
26/04/17 22:06:53:INFO:***************ttest_invalid_admin_login******************
26/04/17 22:10:36:INFO:*************test_title_verification***************
26/04/17 22:10:45:INFO:***************test_valid_admin_login******************
26/04/17 22:10:57:INFO:***************ttest_invalid_admin_login******************
26/04/17 22:16:36:INFO:*************test_title_verification***************
26/04/17 22:16:45:INFO:***************test_valid_admin_login******************
26/04/17 22:16:58:INFO:***************ttest_invalid_admin_login******************
26/04/17 22:32:08:INFO:*************test_title_verification***************
26/04/17 22:32:18:INFO:***************test_valid_admin_login******************
26/04/17 22:32:34:INFO:***************ttest_invalid_admin_login******************
26/04/17 22:33:14:INFO:*************test_title_verification***************
26/04/17 22:33:27:INFO:***************test_valid_admin_login******************
26/04/17 22:33:41:INFO:***************ttest_invalid_admin_login******************
26/04/17 22:34:50:INFO:*************test_title_verification***************
26/04/17 22:35:04:INFO:***************test_valid_admin_login******************
26/04/17 22:35:18:INFO:***************ttest_invalid_admin_login******************
26/04/17 22:37:13:INFO:***************ttest_invalid_admin_login******************
26/04/17 22:37:15:INFO:***************test_valid_admin_login******************
26/04/17 22:37:17:INFO:*************test_title_verification***************
26/04/17 22:38:15:INFO:*************test_title_verification***************
26/04/17 22:38:17:INFO:***************test_valid_admin_login******************
26/04/17 22:38:31:INFO:***************ttest_invalid_admin_login******************
26/04/17 22:40:35:INFO:*************test_title_verification***************
26/04/17 22:40:37:INFO:***************test_valid_admin_login******************
26/04/17 22:40:54:INFO:***************ttest_invalid_admin_login******************
26/04/17 22:41:23:INFO:***************ttest_invalid_admin_login******************
26/04/19 18:03:38:INFO:*************test_title_verification***************
26/04/19 18:03:49:INFO:***************test_valid_admin_login******************
26/04/19 18:04:03:INFO:***************ttest_invalid_admin_login******************
26/04/19 19:19:28:INFO:*************test_title_verification***************
26/04/19 19:19:39:INFO:***************test_valid_admin_login******************
26/04/19 19:19:50:INFO:***************ttest_invalid_admin_login******************
26/04/20 15:42:08:INFO:*************test_title_verification***************
26/04/20 15:42:20:INFO:***************test_valid_admin_login******************
26/04/20 15:42:33:INFO:***************ttest_invalid_admin_login******************
26/04/20 22:37:00:WARNING:Error sending stats to Plausible: error sending request for url (https://plausible.io/api/event)
26/04/20 22:37:05:INFO:*************test_title_verification***************
26/04/20 22:37:17:INFO:***************test_valid_admin_login******************
26/04/20 22:37:31:INFO:***************ttest_invalid_admin_login******************
26/04/20 22:37:42:INFO:***************test_valid_admin_login_data_driven******************
26/04/20 22:39:27:INFO:*************test_title_verification***************
26/04/20 22:39:36:INFO:***************test_valid_admin_login******************
26/04/20 22:39:47:INFO:***************ttest_invalid_admin_login******************
26/04/20 22:40:01:INFO:***************test_valid_admin_login_data_driven******************
26/04/20 22:40:11:INFO:test data is passed
26/04/24 11:46:05:INFO:***************test_valid_admin_login_data_driven******************
26/04/25 00:17:40:INFO:Logged in Successfully
26/04/25 00:17:49:INFO:invalid login cred
26/04/25 00:32:29:INFO:Logged in Successfully
26/04/25 00:32:39:INFO:invalid login cred
26/05/01 16:23:48:INFO:Logged in Successfully
26/05/01 21:49:49:INFO:Logged in Successfully
